C:/TouchGFXProjects/SpaceInvaders/Core/Src/main.c:791:13:SPI5_Write	1
C:/TouchGFXProjects/SpaceInvaders/Core/Src/main.c:872:6:StartDefaultTask	7
C:/TouchGFXProjects/SpaceInvaders/Core/Src/main.c:240:6:SystemClock_Config	1
C:/TouchGFXProjects/SpaceInvaders/Core/Src/main.c:163:5:main	1
C:/TouchGFXProjects/SpaceInvaders/Core/Src/main.c:654:6:IOE_Init	1
C:/TouchGFXProjects/SpaceInvaders/Core/Src/main.c:663:6:IOE_ITConfig	1
C:/TouchGFXProjects/SpaceInvaders/Core/Src/main.c:675:6:IOE_Write	1
C:/TouchGFXProjects/SpaceInvaders/Core/Src/main.c:686:9:IOE_Read	1
C:/TouchGFXProjects/SpaceInvaders/Core/Src/main.c:699:10:IOE_ReadMultiple	1
C:/TouchGFXProjects/SpaceInvaders/Core/Src/main.c:708:6:IOE_Delay	1
C:/TouchGFXProjects/SpaceInvaders/Core/Src/main.c:810:6:LCD_IO_Init	1
C:/TouchGFXProjects/SpaceInvaders/Core/Src/main.c:819:6:LCD_IO_WriteData	1
C:/TouchGFXProjects/SpaceInvaders/Core/Src/main.c:830:6:LCD_IO_WriteReg	1
C:/TouchGFXProjects/SpaceInvaders/Core/Src/main.c:844:10:LCD_IO_ReadData	1
C:/TouchGFXProjects/SpaceInvaders/Core/Src/main.c:860:6:LCD_Delay	1
C:/TouchGFXProjects/SpaceInvaders/Core/Src/main.c:955:6:HAL_TIM_PeriodElapsedCallback	2
C:/TouchGFXProjects/SpaceInvaders/Core/Src/main.c:971:6:Error_Handler	1
C:/TouchGFXProjects/SpaceInvaders/Core/Src/main.c:1005:6:Buzzer_LoseLife	2
C:/TouchGFXProjects/SpaceInvaders/Core/Src/main.c:1015:6:Buzzer_GameOver	1
