C:/HeNhung/MyApplication/Core/Src/main.c:1039:13:SPI5_Write	1
C:/HeNhung/MyApplication/Core/Src/main.c:159:10:ReadJoystickX	1
C:/HeNhung/MyApplication/Core/Src/main.c:167:10:ReadJoystickY	1
C:/HeNhung/MyApplication/Core/Src/main.c:1148:6:StartDefaultTask	1
C:/HeNhung/MyApplication/Core/Src/main.c:288:6:SystemClock_Config	1
C:/HeNhung/MyApplication/Core/Src/main.c:189:5:main	2
C:/HeNhung/MyApplication/Core/Src/main.c:895:6:IOE_Init	1
C:/HeNhung/MyApplication/Core/Src/main.c:903:6:IOE_ITConfig	1
C:/HeNhung/MyApplication/Core/Src/main.c:914:6:IOE_Write	1
C:/HeNhung/MyApplication/Core/Src/main.c:924:9:IOE_Read	1
C:/HeNhung/MyApplication/Core/Src/main.c:936:10:IOE_ReadMultiple	1
C:/HeNhung/MyApplication/Core/Src/main.c:945:6:IOE_Delay	1
C:/HeNhung/MyApplication/Core/Src/main.c:1061:6:LCD_IO_Init	1
C:/HeNhung/MyApplication/Core/Src/main.c:1070:6:LCD_IO_WriteData	1
C:/HeNhung/MyApplication/Core/Src/main.c:1085:6:LCD_IO_WriteReg	1
C:/HeNhung/MyApplication/Core/Src/main.c:1103:10:LCD_IO_ReadData	1
C:/HeNhung/MyApplication/Core/Src/main.c:1129:6:LCD_Delay	1
C:/HeNhung/MyApplication/Core/Src/main.c:1203:6:HAL_TIM_PeriodElapsedCallback	2
C:/HeNhung/MyApplication/Core/Src/main.c:1221:6:Error_Handler	1
